[goldenbull.site/index.html]
[backblue.gif]
[fade.gif]
[index.html]
[goldenbull.site/as=]
[goldenbull.site/js/wp-emoji-release.min.js]
[goldenbull.site/css/style.min.css]
[goldenbull.site/index_1.html]
[goldenbull.site/css/copy-the-code.css]
[goldenbull.site/css/bootstrap.min.css]
[goldenbull.site/css/style.css]
[goldenbull.site/css/typography.css]
[goldenbull.site/css/frontend-lite.min.css]
[goldenbull.site/images/Ellipse-2467.png]
[goldenbull.site/images/Ellipse-2466.png]
[goldenbull.site/images/com-background.png]
[goldenbull.site/css/elementor-icons.min.css]
[goldenbull.site/css/swiper.min.css]
[goldenbull.site/css/style_1.css]
[goldenbull.site/css/theme-elementor.min.css]
[goldenbull.site/css/fontawesome.min.css]
[goldenbull.site/css/brands.min.css]
[goldenbull.site/js/jquery.min.js]
[goldenbull.site/js/jquery-migrate.min.js]
[goldenbull.site/js/lottie.min.js]
[goldenbull.site/images/torofavicon.png]
[goldenbull.site/images/logoher.png]
[goldenbull.site/images/textlogo.png]
[goldenbull.site/images/logo.png]
[goldenbull.site/images/textlogo10.png]
[goldenbull.site/images/textlogo9.png]
[goldenbull.site/images/textlogo3.png]
[goldenbull.site/images/textlogo4.png]
[goldenbull.site/images/textlogo5.png]
[goldenbull.site/images/textlogo6.png]
[goldenbull.site/images/textlogo7.png]
[goldenbull.site/images/textlogo8.png]
[goldenbull.site/css/widget-icon-list.min.css]
[goldenbull.site/images/PancakeSwap.png]
[goldenbull.site/images/BscScan-300x113.png]
[goldenbull.site/images/CoinGecko-300x113.png]
[goldenbull.site/images/CoinMarketCap-300x103.png]
[goldenbull.site/images/DEXTools-300x113.png]
[goldenbull.site/images/DEXView-300x113.png]
[goldenbull.site/images/InterFi-300x113.png]
[goldenbull.site/images/Metamask-300x113.png]
[goldenbull.site/images/PancakeSwap-300x96.png]
[goldenbull.site/images/AvaDex-300x113.png]
[goldenbull.site/css/fresco.css]
[goldenbull.site/css/lqd-essentials.min.css]
[goldenbull.site/css/solid.min.css]
[goldenbull.site/js/copy-the-code.js]
[goldenbull.site/js/fastdom.min.js]
[goldenbull.site/js/bootstrap.min.js]
[goldenbull.site/js/imagesloaded.min.js]
[goldenbull.site/js/jquery-ui.min.js]
[goldenbull.site/js/fresco.js]
[goldenbull.site/js/lity.min.js]
[goldenbull.site/js/gsap.min.js]
[goldenbull.site/js/CustomEase.min.js]
[goldenbull.site/js/DrawSVGPlugin.min.js]
[goldenbull.site/js/ScrollTrigger.min.js]
[goldenbull.site/js/liquidDrawShape.min.js]
[goldenbull.site/js/liquidAnimatedBlob.min.js]
[goldenbull.site/js/fontfaceobserver.js]
[goldenbull.site/js/intersection-observer.js]
[goldenbull.site/js/lazyload.min.js]
[goldenbull.site/js/tinycolor-min.js]
[goldenbull.site/js/SplitText.min.js]
[goldenbull.site/js/theme.min.js]
[goldenbull.site/js/flickity.pkgd.min.js]
[goldenbull.site/js/flickity-fade.min.js]
[goldenbull.site/js/webpack.runtime.min.js]
[goldenbull.site/js/frontend-modules.min.js]
[goldenbull.site/js/waypoints.min.js]
[goldenbull.site/js/core.min.js]
[goldenbull.site/index.html]
[goldenbull.site/as=.html]
[goldenbull.site/js/wp-emoji-release.min.js]
[goldenbull.site/css/style.min.css]
[goldenbull.site/css/classic-themes.min.css]
[goldenbull.site/index_1.html]
[goldenbull.site/css/copy-the-code.css]
[goldenbull.site/css/bootstrap.min.css]
[goldenbull.site/css/style.css]
[goldenbull.site/css/typography.css]
[goldenbull.site/css/frontend-lite.min.css]
[goldenbull.site/js/frontend.min.js]
[goldenbull.site/fonts/eicons.woff2]
[goldenbull.site/fonts/eicons.woff]
[goldenbull.site/fonts/eicons.eot]
[goldenbull.site/css/elementor-icons.min.css]
[goldenbull.site/css/swiper.min.css]
[goldenbull.site/css/style_1.css]
[goldenbull.site/css/theme-elementor.min.css]
[goldenbull.site/css/fontawesome.min.css]
[goldenbull.site/fonts/eicons.svg]
[goldenbull.site/fonts/fa-brands-400.eot]
[goldenbull.site/fonts/fa-brands-400.woff2]
[goldenbull.site/fonts/eicons.ttf]
[goldenbull.site/fonts/fa-brands-400.woff]
[goldenbull.site/fonts/fa-brands-400.ttf]
[goldenbull.site/css/brands.min.css]
[goldenbull.site/js/jquery.min.js]
[goldenbull.site/js/jquery-migrate.min.js]
[goldenbull.site/GET]
[goldenbull.site/js/lottie.min.js]
[goldenbull.site/css/widget-icon-list.min.css]
[goldenbull.site/fonts/fa-brands-400.svg]
[goldenbull.site/giItT1WQy@!-/index.html]
[goldenbull.site/images/sprite.png]
[goldenbull.site/css/fresco.css]
[goldenbull.site/fonts/sprite.svg]
[goldenbull.site/fonts/lqd-essentials.woff2]
[goldenbull.site/css/lqd-essentials.min.css]
[goldenbull.site/fonts/fa-solid-900.woff2]
[goldenbull.site/fonts/fa-solid-900.woff]
[goldenbull.site/css/solid.min.css]
[goldenbull.site/js/copy-the-code.js]
[goldenbull.site/^s+$/index.html]
[goldenbull.site/js/fastdom.min.js]
[goldenbull.site/js/bootstrap.min.js]
[goldenbull.site/js/imagesloaded.min.js]
[goldenbull.site/js/jquery-ui.min.js]
[goldenbull.site/js/fresco.js]
[goldenbull.site/fonts/fa-solid-900.eot]
[goldenbull.site/fonts/fa-solid-900.svg]
[goldenbull.site/fonts/fa-solid-900.ttf]
[goldenbull.site/AppleWebKit/index.html]
[goldenbull.site/js/lity.min.js]
[goldenbull.site/js/gsap.min.js]
[goldenbull.site/js/CustomEase.min.js]
[goldenbull.site/js/DrawSVGPlugin.min.js]
[goldenbull.site/js/ScrollTrigger.min.js]
[goldenbull.site/js/liquidDrawShape.min.js]
[goldenbull.site/CrMo/index.html]
[goldenbull.site/Chrome/index.html]
[goldenbull.site/IEMobile/index.html]
[goldenbull.site/${window.location.href}]
[goldenbull.site/js/liquidAnimatedBlob.min.js]
[goldenbull.site/js/fontfaceobserver.js]
[goldenbull.site/js/intersection-observer.js]
[goldenbull.site/js/lazyload.min.js]
[goldenbull.site/js/tinycolor-min.js]
[goldenbull.site/js/SplitText.min.js]
[goldenbull.site/${this.getCurrentSrc(]
[goldenbull.site/${this.bgUrl}]
[goldenbull.site/${this.isRowBg}]
[goldenbull.site/js/theme.min.js]
[goldenbull.site/js/flickity.pkgd.min.js]
[goldenbull.site/js/flickity-fade.min.js]
[goldenbull.site/js/webpack.runtime.min.js]
[goldenbull.site/js/frontend-modules.min.js]
[goldenbull.site/js/waypoints.min.js]
[goldenbull.site/js/core.min.js]
[goldenbull.site/-negative.svg]
[goldenbull.site/js/frontend.min.js]
[goldenbull.site/fonts/eicons.svg]
[goldenbull.site/fonts/fa-brands-400.svg]
[goldenbull.site/GET.html]
[goldenbull.site/images/index.html]
[goldenbull.site/giItT1WQy@!-/index.html]
[goldenbull.site/fonts/sprite.svg]
[goldenbull.site/OPR/index.html]
[goldenbull.site/fonts/fa-solid-900.svg]
[goldenbull.site/^s+$/index.html]
[goldenbull.site/AppleWebKit/index.html]
[goldenbull.site/Chrome/index.html]
[goldenbull.site/CrMo/index.html]
[goldenbull.site/IEMobile/index.html]
[goldenbull.site/${window.location.html]
[goldenbull.site/${this.html]
[goldenbull.site/${this-2.html]
[goldenbull.site/${this-3.html]
[goldenbull.site/-negative.html]
[goldenbull.site/OPR/index.html]
