[bonkai.xyz/index.html]
[backblue.gif]
[fade.gif]
[index.html]
[bonkai.xyz/public/uploads/20240103/0176ff8fae3f4ae6e3fdec2946093a99.ico]
[bonkai.xyz/public/dist/img/default-image.png]
[bonkai.xyz/public/assets/chat/css/chat-widget.min.css]
[bonkai.xyz/public/assets/plugin/jquery-ui/jquery-ui.min.css]
[bonkai.xyz/public/assets/plugin/jquery-ui/jquery-ui-theme.min.css]
[bonkai.xyz/public/assets/css/common/tailwind-custom.min.css]
[bonkai.xyz/public/assets/tailwind/css/app.min.css]
[bonkai.xyz/public/dist/css/site_custom.min.css]
[bonkai.xyz/public/assets/plugin/wow-js-animation/animation.min.css]
[bonkai.xyz/public/assets/plugin/swiper/swiper-bundle.min.css]
[bonkai.xyz/login.html]
[bonkai.xyz/Modules/OpenAI/Resources/assets/image/chat-robot.png]
[bonkai.xyz/public/uploads/20230330/cabdcd95ee758d5c09e9b516e80a8bd5.png]
[bonkai.xyz/use-cases.html]
[bonkai.xyz/pricing.html]
[bonkai.xyz/Modules/OpenAI/Resources/assets/image/moon.png]
[bonkai.xyz/blogs.html]
[bonkai.xyz/Modules/OpenAI/Resources/assets/image/sun.png]
[bonkai.xyz/public/datta-able/fonts/flag/flags/4x3/gb.svg]
[bonkai.xyz/public/datta-able/fonts/flag/flags/4x3/fr.svg]
[bonkai.xyz/public/datta-able/fonts/flag/flags/4x3/cn.svg]
[bonkai.xyz/public/datta-able/fonts/flag/flags/4x3/sa.svg]
[bonkai.xyz/public/datta-able/fonts/flag/flags/4x3/be.svg]
[bonkai.xyz/public/datta-able/fonts/flag/flags/4x3/bg.svg]
[bonkai.xyz/public/datta-able/fonts/flag/flags/4x3/es.svg]
[bonkai.xyz/public/datta-able/fonts/flag/flags/4x3/ee.svg]
[bonkai.xyz/public/datta-able/fonts/flag/flags/4x3/nl.svg]
[bonkai.xyz/public/datta-able/fonts/flag/flags/4x3/ru.svg]
[bonkai.xyz/public/datta-able/fonts/flag/flags/4x3/pt.svg]
[bonkai.xyz/public/datta-able/fonts/flag/flags/4x3/pl.svg]
[bonkai.xyz/public/datta-able/fonts/flag/flags/4x3/de.svg]
[bonkai.xyz/public/datta-able/fonts/flag/flags/4x3/se.svg]
[bonkai.xyz/public/uploads/20231206/1fa6596b55f481a903717d1d3ab7353b.png]
[bonkai.xyz/public/uploads/20231206/4c2d7dfae083fcd93701806ae8fdb775.png]
[bonkai.xyz/public/uploads/20231206/6d5f7e134dcccb2d24bf9c1bdfe50390.png]
[bonkai.xyz/public/uploads/20231206/e08dc47dbcfae42066aef937ae4c4bbb.png]
[bonkai.xyz/public/uploads/20231206/530c02dad9d3e967990552078c9e804a.png]
[bonkai.xyz/public/uploads/20231206/a2fc369a55f48ae3b0c524b0e73c19e5.png]
[bonkai.xyz/registration.html]
[bonkai.xyz/public/uploads/20231206/a94420f73c6d5a063572ef63dda3517e.png]
[bonkai.xyz/page/about-us.html]
[bonkai.xyz/public/uploads/20240103/9e60ffa9773c59ce392694dd69256b9d.png]
[bonkai.xyz/public/uploads/20231206/d79a61654674c81e0dc1501a97e23372.png]
[bonkai.xyz/public/uploads/20231206/d53b3e3df2b5786d65564a61acd732ad.png]
[bonkai.xyz/public/uploads/20231206/2634ae316f3414077b0aed1c2439e136.png]
[bonkai.xyz/public/uploads/20231206/aa19d13e9bbc81b3145bf1f3f5609c2e.png]
[bonkai.xyz/public/uploads/20231206/d1410b52fed9fd0f05d8938d35f1819e.png]
[bonkai.xyz/public/uploads/20231206/7e2983395853e80fc241d39587a814e8.png]
[bonkai.xyz/public/uploads/20231206/5f3d473fb049f7f6045bf6811cb00ec1.svg]
[bonkai.xyz/public/uploads/20231206/1abc1c43fdc1125632c0405d89ebbd75.svg]
[bonkai.xyz/public/uploads/20231206/c9425cf2b8fd125b11e515d63e02c804.svg]
[bonkai.xyz/public/uploads/20231206/0a8a47f13ec69c1ec1bcac39ac343773.png]
[bonkai.xyz/public/uploads/20231206/b75521158893bdeec4ed5897175a9a92.png]
[bonkai.xyz/public/uploads/20231206/ba09136613027ea56404986b2901f967.png]
[bonkai.xyz/public/uploads/20231206/4c7cb0c9b8e582dd8f88082e71dd263b.png]
[bonkai.xyz/www.youtube.com/watch7449]
[bonkai.xyz/public/uploads/20231206/9678b04cf2a8f2acab8218849b4c86a3.png]
[bonkai.xyz/public/uploads/20231206/5f57072d18b1ef5eb6944ce21894e9d2.png]
[bonkai.xyz/public/uploads/20231206/ef503ae5c2b4ef9f2fa2e4549aff9584.png]
[bonkai.xyz/public/uploads/20231206/7a31006bdfd11434a3cc6d2264607d5b.png]
[bonkai.xyz/public/uploads/20231206/9e2794e13e5a84bc4746e3d3e74251ae.png]
[bonkai.xyz/public/uploads/20231206/5415e032da3c25d121bad2011043cff7.png]
[bonkai.xyz/public/uploads/20231206/4ed0c8417b3d1e5a2dae389a3456b334.png]
[bonkai.xyz/public/uploads/20231206/706834b54dd60510c2b3578e1ed08bfc.png]
[bonkai.xyz/public/uploads/20231206/eec361e16599c8301c84c065b75fe010.png]
[bonkai.xyz/public/uploads/20231206/c666b9e6ed564ae7ccf01bbebf899f2e.png]
[bonkai.xyz/public/uploads/20231206/c2cf9d978aaabc534f078d235fa14139.png]
[bonkai.xyz/public/uploads/20231206/e48e4e02cbb94d424f2de0f7abba7db7.png]
[bonkai.xyz/public/uploads/20231206/6dbb9fed6c5d243c196a98601a75585d.png]
[bonkai.xyz/public/uploads/20231206/e30a4408f3463ec6629ba5e17a2fc552.png]
[bonkai.xyz/public/uploads/20231206/1f9b9fe55d960b0854fce0757b4d9639.png]
[bonkai.xyz/public/uploads/20231206/780eabea4d52188a109ca419a2efa503.svg]
[bonkai.xyz/public/uploads/20231206/7bf15bba56e2917093707576728be604.svg]
[bonkai.xyz/public/uploads/20231206/25ac749aaaf607179d97f0bc700f70da.svg]
[bonkai.xyz/public/uploads/20231206/e27dc78dd9b87c189c330ae92c0339f3.svg]
[bonkai.xyz/public/uploads/20231206/23c5ac6d472eec3e9dcc5bea6f100b08.svg]
[bonkai.xyz/public/uploads/20231206/2af1fcb36ddf02941a64f7b2d698aca3.svg]
[bonkai.xyz/public/uploads/20231206/ab65d2d9f3835024ee9a110327c8b452.svg]
[bonkai.xyz/public/uploads/20231206/cfcbaeb9421b0c639e017fe16c136c40.svg]
[bonkai.xyz/public/uploads/20231206/26095ea6d2b67e714112c5c681cfa581.svg]
[bonkai.xyz/public/uploads/20231206/f2e1f483961ad25daa1048b605b605f6.svg]
[bonkai.xyz/public/uploads/20231206/249342f82d4838a1f550384dce163518.png]
[bonkai.xyz/public/uploads/20231206/80d11c9b6687bfefa68b236d8a5665a7.png]
[bonkai.xyz/page/contact-us.html]
[bonkai.xyz/page/privacy-policy.html]
[bonkai.xyz/page/digital-payments.html]
[bonkai.xyz/page/terms.html]
[bonkai.xyz/user/templates/blog-ideas-outlines]
[bonkai.xyz/index.html]
[bonkai.xyz/public/assets/chat/css/chat-widget.min.css]
[bonkai.xyz/public/assets/plugin/jquery-ui/jquery-ui.min.css]
[bonkai.xyz/public/assets/plugin/jquery-ui/jquery-ui-theme.min.css]
[bonkai.xyz/public/assets/css/common/tailwind-custom.min.css]
[bonkai.xyz/public/assets/tailwind/css/app.min.css]
[bonkai.xyz/public/dist/css/site_custom.min.css]
[bonkai.xyz/public/assets/plugin/wow-js-animation/animation.min.css]
[bonkai.xyz/public/assets/plugin/swiper/swiper-bundle.min.css]
[bonkai.xyz/Modules/CMS/Resources/assets/css/user-custom2490.css]
[bonkai.xyz/login.html]
[bonkai.xyz/use-cases.html]
[bonkai.xyz/pricing.html]
[bonkai.xyz/blogs.html]
[bonkai.xyz/public/datta-able/fonts/flag/flags/4x3/gb.svg]
[bonkai.xyz/public/datta-able/fonts/flag/flags/4x3/bd.svg]
[bonkai.xyz/public/datta-able/fonts/flag/flags/4x3/fr.svg]
[bonkai.xyz/public/datta-able/fonts/flag/flags/4x3/cn.svg]
[bonkai.xyz/public/datta-able/fonts/flag/flags/4x3/sa.svg]
[bonkai.xyz/public/datta-able/fonts/flag/flags/4x3/be.svg]
[bonkai.xyz/public/datta-able/fonts/flag/flags/4x3/bg.svg]
[bonkai.xyz/public/datta-able/fonts/flag/flags/4x3/es.svg]
[bonkai.xyz/public/datta-able/fonts/flag/flags/4x3/ee.svg]
[bonkai.xyz/public/datta-able/fonts/flag/flags/4x3/nl.svg]
[bonkai.xyz/public/datta-able/fonts/flag/flags/4x3/ru.svg]
[bonkai.xyz/public/datta-able/fonts/flag/flags/4x3/pt.svg]
[bonkai.xyz/public/datta-able/fonts/flag/flags/4x3/pl.svg]
[bonkai.xyz/public/datta-able/fonts/flag/flags/4x3/de.svg]
[bonkai.xyz/public/datta-able/fonts/flag/flags/4x3/se.svg]
[bonkai.xyz/registration.html]
[bonkai.xyz/page/about-us.html]
[bonkai.xyz/public/uploads/20231206/5f3d473fb049f7f6045bf6811cb00ec1.svg]
[bonkai.xyz/public/uploads/20231206/1abc1c43fdc1125632c0405d89ebbd75.svg]
[bonkai.xyz/public/uploads/20231206/c9425cf2b8fd125b11e515d63e02c804.svg]
[bonkai.xyz/www.youtube.com/watch7449.html]
[bonkai.xyz/public/uploads/20231206/780eabea4d52188a109ca419a2efa503.svg]
[bonkai.xyz/public/uploads/20231206/7bf15bba56e2917093707576728be604.svg]
[bonkai.xyz/public/uploads/20231206/25ac749aaaf607179d97f0bc700f70da.svg]
[bonkai.xyz/public/uploads/20231206/e27dc78dd9b87c189c330ae92c0339f3.svg]
[bonkai.xyz/public/uploads/20231206/23c5ac6d472eec3e9dcc5bea6f100b08.svg]
[bonkai.xyz/public/uploads/20231206/2af1fcb36ddf02941a64f7b2d698aca3.svg]
[bonkai.xyz/public/uploads/20231206/ab65d2d9f3835024ee9a110327c8b452.svg]
[bonkai.xyz/public/uploads/20231206/cfcbaeb9421b0c639e017fe16c136c40.svg]
[bonkai.xyz/public/uploads/20231206/26095ea6d2b67e714112c5c681cfa581.svg]
[bonkai.xyz/public/uploads/20231206/f2e1f483961ad25daa1048b605b605f6.svg]
[bonkai.xyz/page/contact-us.html]
[bonkai.xyz/page/privacy-policy.html]
[bonkai.xyz/page/digital-payments.html]
[bonkai.xyz/page/terms.html]
[bonkai.xyz/public/uploads/20231206/f74a2b62c65012b6d5ab5d2b0ad316c7.png]
